
> nextjs-fastapi@0.1.0 dev
> concurrently "npm run next-dev" "npm run fastapi-dev"

[1] 
[1] > nextjs-fastapi@0.1.0 fastapi-dev
[1] > pip3 install -r requirements.txt && python -m uvicorn api.index:app --reload
[1] 
[0] 
[0] > nextjs-fastapi@0.1.0 next-dev
[0] > next dev -p 3002
[0] 
[0] - ready started server on 0.0.0.0:3002, url: http://localhost:3002
[0] - [36minfo[39m Loaded env from C:\Users\HP\Desktop\ZIPPER\WEBFIXX\DEV\Extra Tools\Tickets-Escrow\.env.local
[1] Requirement already satisfied: annotated-types==0.7.0 in c:\python311\lib\site-packages (from -r requirements.txt (line 1)) (0.7.0)
[1] Requirement already satisfied: anyio==4.4.0 in c:\python311\lib\site-packages (from -r requirements.txt (line 2)) (4.4.0)
[1] Requirement already satisfied: cachetools==5.5.0 in c:\python311\lib\site-packages (from -r requirements.txt (line 3)) (5.5.0)
[1] Requirement already satisfied: certifi==2024.8.30 in c:\python311\lib\site-packages (from -r requirements.txt (line 4)) (2024.8.30)
[1] Requirement already satisfied: cffi==1.17.1 in c:\python311\lib\site-packages (from -r requirements.txt (line 5)) (1.17.1)
[1] Requirement already satisfied: charset-normalizer==3.3.2 in c:\python311\lib\site-packages (from -r requirements.txt (line 6)) (3.3.2)
[1] Requirement already satisfied: click==8.1.7 in c:\python311\lib\site-packages (from -r requirements.txt (line 7)) (8.1.7)
[1] Requirement already satisfied: cryptography==43.0.1 in c:\users\hp\appdata\roaming\python\python311\site-packages (from -r requirements.txt (line 8)) (43.0.1)
[1] Requirement already satisfied: exceptiongroup==1.2.2 in c:\python311\lib\site-packages (from -r requirements.txt (line 9)) (1.2.2)
[1] Requirement already satisfied: fastapi==0.113.0 in c:\users\hp\appdata\roaming\python\python311\site-packages (from -r requirements.txt (line 10)) (0.113.0)
[1] Requirement already satisfied: h11==0.14.0 in c:\python311\lib\site-packages (from -r requirements.txt (line 11)) (0.14.0)
[1] Requirement already satisfied: httpcore==1.0.5 in c:\python311\lib\site-packages (from -r requirements.txt (line 12)) (1.0.5)
[1] Requirement already satisfied: httptools==0.6.1 in c:\python311\lib\site-packages (from -r requirements.txt (line 13)) (0.6.1)
[1] Requirement already satisfied: httpx==0.27.2 in c:\users\hp\appdata\roaming\python\python311\site-packages (from -r requirements.txt (line 14)) (0.27.2)
[1] Requirement already satisfied: idna==3.8 in c:\python311\lib\site-packages (from -r requirements.txt (line 15)) (3.8)
[1] Requirement already satisfied: itsdangerous==2.2.0 in c:\python311\lib\site-packages (from -r requirements.txt (line 16)) (2.2.0)
[1] Requirement already satisfied: oauthlib==3.2.2 in c:\python311\lib\site-packages (from -r requirements.txt (line 17)) (3.2.2)
[1] Requirement already satisfied: pyasn1==0.6.0 in c:\python311\lib\site-packages (from -r requirements.txt (line 18)) (0.6.0)
[1] Requirement already satisfied: pyasn1_modules==0.4.0 in c:\python311\lib\site-packages (from -r requirements.txt (line 19)) (0.4.0)
[1] Requirement already satisfied: pycparser==2.22 in c:\python311\lib\site-packages (from -r requirements.txt (line 20)) (2.22)
[1] Requirement already satisfied: pydantic==2.9.0 in c:\python311\lib\site-packages (from -r requirements.txt (line 21)) (2.9.0)
[1] Requirement already satisfied: pydantic_core==2.23.2 in c:\python311\lib\site-packages (from -r requirements.txt (line 22)) (2.23.2)
[1] Requirement already satisfied: PyJWT==2.9.0 in c:\python311\lib\site-packages (from -r requirements.txt (line 23)) (2.9.0)
[1] Requirement already satisfied: pyparsing==3.1.4 in c:\python311\lib\site-packages (from -r requirements.txt (line 24)) (3.1.4)
[1] Requirement already satisfied: python-dateutil==2.9.0.post0 in c:\python311\lib\site-packages (from -r requirements.txt (line 25)) (2.9.0.post0)
[1] Requirement already satisfied: python-dotenv==1.0.1 in c:\python311\lib\site-packages (from -r requirements.txt (line 26)) (1.0.1)
[1] Requirement already satisfied: python-multipart==0.0.9 in c:\python311\lib\site-packages (from -r requirements.txt (line 27)) (0.0.9)
[1] Requirement already satisfied: pytz==2024.1 in c:\python311\lib\site-packages (from -r requirements.txt (line 28)) (2024.1)
[1] Requirement already satisfied: PyYAML==6.0.1 in c:\python311\lib\site-packages (from -r requirements.txt (line 29)) (6.0.1)
[1] Requirement already satisfied: requests==2.32.3 in c:\python311\lib\site-packages (from -r requirements.txt (line 30)) (2.32.3)
[1] Requirement already satisfied: requests-oauthlib<2.0.0 in c:\python311\lib\site-packages (from -r requirements.txt (line 31)) (1.3.1)
[1] Requirement already satisfied: rsa==4.9 in c:\python311\lib\site-packages (from -r requirements.txt (line 32)) (4.9)
[1] Requirement already satisfied: six==1.16.0 in c:\python311\lib\site-packages (from -r requirements.txt (line 33)) (1.16.0)
[1] Requirement already satisfied: sniffio==1.3.1 in c:\python311\lib\site-packages (from -r requirements.txt (line 34)) (1.3.1)
[1] Requirement already satisfied: starlette==0.38.4 in c:\users\hp\appdata\roaming\python\python311\site-packages (from -r requirements.txt (line 35)) (0.38.4)
[1] Requirement already satisfied: typing_extensions==4.12.2 in c:\python311\lib\site-packages (from -r requirements.txt (line 36)) (4.12.2)
[1] Requirement already satisfied: tzdata==2024.1 in c:\python311\lib\site-packages (from -r requirements.txt (line 37)) (2024.1)
[1] Requirement already satisfied: uritemplate==4.1.1 in c:\python311\lib\site-packages (from -r requirements.txt (line 38)) (4.1.1)
[1] Requirement already satisfied: urllib3==2.2.2 in c:\python311\lib\site-packages (from -r requirements.txt (line 39)) (2.2.2)
[1] Requirement already satisfied: uvicorn==0.30.6 in c:\users\hp\appdata\roaming\python\python311\site-packages (from -r requirements.txt (line 40)) (0.30.6)
[1] Requirement already satisfied: watchfiles==0.22.0 in c:\users\hp\appdata\roaming\python\python311\site-packages (from -r requirements.txt (line 42)) (0.22.0)
[1] Requirement already satisfied: websockets==12.0 in c:\python311\lib\site-packages (from -r requirements.txt (line 43)) (12.0)
[1] Requirement already satisfied: colorama in c:\python311\lib\site-packages (from click==8.1.7->-r requirements.txt (line 7)) (0.4.6)
[0] - [33mwarn[39m [1mYou have enabled experimental feature (serverComponentsExternalPackages) in next.config.js.[22m
[0] - [33mwarn[39m Experimental features are not covered by semver, and may cause unexpected or broken application behavior. Use at your own risk.
[0] 
[1] 
[1] [notice] A new release of pip is available: 24.2 -> 26.1.2
[1] [notice] To update, run: python.exe -m pip install --upgrade pip
[1] INFO:     Will watch for changes in these directories: ['C:\\Users\\HP\\Desktop\\ZIPPER\\WEBFIXX\\DEV\\Extra Tools\\Tickets-Escrow']
[1] INFO:     Uvicorn running on http://127.0.0.1:8000 (Press CTRL+C to quit)
[1] INFO:     Started reloader process [20092] using WatchFiles
[0] - [36minfo[39m Using wasm build of next-swc
[0] - [33mwarn[39m Attempted to load @next/swc-win32-x64-gnu, but it was not installed
[0] - [33mwarn[39m Attempted to load @next/swc-win32-x64-msvc, but an error occurred: \\?\C:\Users\HP\Desktop\ZIPPER\WEBFIXX\DEV\Extra Tools\Tickets-Escrow\node_modules\@next\swc-win32-x64-msvc\next-swc.win32-x64-msvc.node is not a valid Win32 application.
[0] \\?\C:\Users\HP\Desktop\ZIPPER\WEBFIXX\DEV\Extra Tools\Tickets-Escrow\node_modules\@next\swc-win32-x64-msvc\next-swc.win32-x64-msvc.node
[1] INFO:     Started server process [18052]
[1] INFO:     Waiting for application startup.
[1] INFO:     Application startup complete.
[0] - [35mevent[39m compiled client and server successfully in 10.6s (313 modules)
[0] - [36mwait[39m compiling...
[0] - [35mevent[39m compiled client and server successfully in 9s (313 modules)
[0] - [36mwait[39m compiling /page (client and server)...
[0] Browserslist: caniuse-lite is outdated. Please run:
[0]   npx update-browserslist-db@latest
[0]   Why you should do it regularly: https://github.com/browserslist/update-db#readme
[0] - [35mevent[39m compiled client and server successfully in 8.1s (642 modules)
[0] - [36mwait[39m compiling...
[0] - [35mevent[39m compiled successfully in 2.2s (389 modules)
[0] 
[0] - [33mwarn[39m metadata.metadataBase is not set for resolving social open graph or twitter images, fallbacks to "http://localhost:3002". See https://nextjs.org/docs/app/api-reference/functions/generate-metadata#metadatabase
[0] - [36mwait[39m compiling /event-details/page (client and server)...
[0] - [35mevent[39m compiled client and server successfully in 9.2s (629 modules)
[0] 
[0] 
[0] 
[0] - [36mwait[39m compiling /page (client and server)...
[0] - [35mevent[39m compiled successfully in 416 ms (257 modules)
[0] 
[0] - [36mwait[39m compiling...
[0] - [35mevent[39m compiled client and server successfully in 3.1s (417 modules)
[0] - [36mwait[39m compiling...
[0] - [31merror[39m ./app/page.tsx
[0] NonErrorEmittedError: (Emitted value instead of an instance of Error) 
[0]   x Unexpected token `div`. Expected jsx identifier
[0]      ,-[C:\Users\HP\Desktop\ZIPPER\WEBFIXX\DEV\Extra Tools\Tickets-Escrow\app\page.tsx:184:1]
[0]  184 |   }
[0]  185 | 
[0]  186 |   return (
[0]  187 |     <div className="min-h-screen flex flex-col antialiased">
[0]      :      ^^^
[0]  188 |       {headerNav}
[0]  189 | 
[0]  190 |       <main>
[0]      `----
[0] 
[0] Caused by:
[0]     0: failed to process js file
[0]     1: Syntax Error
[0] Import trace for requested module:
[0] ./app/page.tsx
[0] - [36mwait[39m compiling /contact/page (client and server)...
[0] - [31merror[39m ./app/page.tsx
[0] NonErrorEmittedError: (Emitted value instead of an instance of Error) 
[0]   x Unexpected token `div`. Expected jsx identifier
[0]      ,-[C:\Users\HP\Desktop\ZIPPER\WEBFIXX\DEV\Extra Tools\Tickets-Escrow\app\page.tsx:184:1]
[0]  184 |   }
[0]  185 | 
[0]  186 |   return (
[0]  187 |     <div className="min-h-screen flex flex-col antialiased">
[0]      :      ^^^
[0]  188 |       {headerNav}
[0]  189 | 
[0]  190 |       <main>
[0]      `----
[0] 
[0] Caused by:
[0]     0: failed to process js file
[0]     1: Syntax Error
[0] Import trace for requested module:
[0] ./app/page.tsx
[0] - [36mwait[39m compiling /_error (client and server)...
[0] - [31merror[39m ./app/page.tsx
[0] NonErrorEmittedError: (Emitted value instead of an instance of Error) 
[0]   x Unexpected token `div`. Expected jsx identifier
[0]      ,-[C:\Users\HP\Desktop\ZIPPER\WEBFIXX\DEV\Extra Tools\Tickets-Escrow\app\page.tsx:184:1]
[0]  184 |   }
[0]  185 | 
[0]  186 |   return (
[0]  187 |     <div className="min-h-screen flex flex-col antialiased">
[0]      :      ^^^
[0]  188 |       {headerNav}
[0]  189 | 
[0]  190 |       <main>
[0]      `----
[0] 
[0] Caused by:
[0]     0: failed to process js file
[0]     1: Syntax Error
[0] Import trace for requested module:
[0] ./app/page.tsx
[0] - [36mwait[39m compiling /events/page (client and server)...
[0] - [31merror[39m ./app/page.tsx
[0] NonErrorEmittedError: (Emitted value instead of an instance of Error) 
[0]   x Unexpected token `div`. Expected jsx identifier
[0]      ,-[C:\Users\HP\Desktop\ZIPPER\WEBFIXX\DEV\Extra Tools\Tickets-Escrow\app\page.tsx:184:1]
[0]  184 |   }
[0]  185 | 
[0]  186 |   return (
[0]  187 |     <div className="min-h-screen flex flex-col antialiased">
[0]      :      ^^^
[0]  188 |       {headerNav}
[0]  189 | 
[0]  190 |       <main>
[0]      `----
[0] 
[0] Caused by:
[0]     0: failed to process js file
[0]     1: Syntax Error
[0] Import trace for requested module:
[0] ./app/page.tsx
[0] - [36mwait[39m compiling /_error (client and server)...
[0] - [31merror[39m ./app/page.tsx
[0] NonErrorEmittedError: (Emitted value instead of an instance of Error) 
[0]   x Unexpected token `div`. Expected jsx identifier
[0]      ,-[C:\Users\HP\Desktop\ZIPPER\WEBFIXX\DEV\Extra Tools\Tickets-Escrow\app\page.tsx:184:1]
[0]  184 |   }
[0]  185 | 
[0]  186 |   return (
[0]  187 |     <div className="min-h-screen flex flex-col antialiased">
[0]      :      ^^^
[0]  188 |       {headerNav}
[0]  189 | 
[0]  190 |       <main>
[0]      `----
[0] 
[0] Caused by:
[0]     0: failed to process js file
[0]     1: Syntax Error
[0] Import trace for requested module:
[0] ./app/page.tsx
[0] - [36mwait[39m compiling /event-details/page (client and server)...
[0] - [35mevent[39m compiled successfully in 1274 ms (252 modules)
[0] - [36mwait[39m compiling /_error (client and server)...
[0] - [31merror[39m ./app/page.tsx
[0] NonErrorEmittedError: (Emitted value instead of an instance of Error) 
[0]   x Unexpected token `div`. Expected jsx identifier
[0]      ,-[C:\Users\HP\Desktop\ZIPPER\WEBFIXX\DEV\Extra Tools\Tickets-Escrow\app\page.tsx:184:1]
[0]  184 |   }
[0]  185 | 
[0]  186 |   return (
[0]  187 |     <div className="min-h-screen flex flex-col antialiased">
[0]      :      ^^^
[0]  188 |       {headerNav}
[0]  189 | 
[0]  190 |       <main>
[0]      `----
[0] 
[0] Caused by:
[0]     0: failed to process js file
[0]     1: Syntax Error
[0] Import trace for requested module:
[0] ./app/page.tsx
[0] - [36mwait[39m compiling /events/page (client and server)...
[0] - [35mevent[39m compiled successfully in 269 ms (252 modules)
[0] - [36mwait[39m compiling /_error (client and server)...
[0] - [31merror[39m ./app/page.tsx
[0] NonErrorEmittedError: (Emitted value instead of an instance of Error) 
[0]   x Unexpected token `div`. Expected jsx identifier
[0]      ,-[C:\Users\HP\Desktop\ZIPPER\WEBFIXX\DEV\Extra Tools\Tickets-Escrow\app\page.tsx:184:1]
[0]  184 |   }
[0]  185 | 
[0]  186 |   return (
[0]  187 |     <div className="min-h-screen flex flex-col antialiased">
[0]      :      ^^^
[0]  188 |       {headerNav}
[0]  189 | 
[0]  190 |       <main>
[0]      `----
[0] 
[0] Caused by:
[0]     0: failed to process js file
[0]     1: Syntax Error
[0] Import trace for requested module:
[0] ./app/page.tsx
[0] - [36mwait[39m compiling...
[0] - [31merror[39m ./app/page.tsx
[0] NonErrorEmittedError: (Emitted value instead of an instance of Error) 
[0]   x Unexpected token `div`. Expected jsx identifier
[0]      ,-[C:\Users\HP\Desktop\ZIPPER\WEBFIXX\DEV\Extra Tools\Tickets-Escrow\app\page.tsx:184:1]
[0]  184 |   }
[0]  185 | 
[0]  186 |   return (
[0]  187 |     <div className="min-h-screen flex flex-col antialiased">
[0]      :      ^^^
[0]  188 |       {headerNav}
[0]  189 | 
[0]  190 |       <main>
[0]      `----
[0] 
[0] Caused by:
[0]     0: failed to process js file
[0]     1: Syntax Error
[0] Import trace for requested module:
[0] ./app/page.tsx
[0] - [36mwait[39m compiling...
[0] - [31merror[39m ./app/page.tsx
[0] NonErrorEmittedError: (Emitted value instead of an instance of Error) 
[0]   x Unexpected token `div`. Expected jsx identifier
[0]      ,-[C:\Users\HP\Desktop\ZIPPER\WEBFIXX\DEV\Extra Tools\Tickets-Escrow\app\page.tsx:186:1]
[0]  186 |   }
[0]  187 | 
[0]  188 |   return (
[0]  189 |     <div className="min-h-screen flex flex-col antialiased">
[0]      :      ^^^
[0]  190 |       {headerNav}
[0]  191 | 
[0]  192 |       <main>
[0]      `----
[0] 
[0] Caused by:
[0]     0: failed to process js file
[0]     1: Syntax Error
[0] Import trace for requested module:
[0] ./app/page.tsx
[0] - [36mwait[39m compiling...
[0] - [31merror[39m ./app/page.tsx
[0] NonErrorEmittedError: (Emitted value instead of an instance of Error) 
[0]   x Unexpected token `div`. Expected jsx identifier
[0]      ,-[C:\Users\HP\Desktop\ZIPPER\WEBFIXX\DEV\Extra Tools\Tickets-Escrow\app\page.tsx:186:1]
[0]  186 |   }
[0]  187 | 
[0]  188 |   return (
[0]  189 |     <div className="min-h-screen flex flex-col antialiased">
[0]      :      ^^^
[0]  190 |       {headerNav}
[0]  191 | 
[0]  192 |       <main>
[0]      `----
[0] 
[0] Caused by:
[0]     0: failed to process js file
[0]     1: Syntax Error
[0] Import trace for requested module:
[0] ./app/page.tsx
[0] - [36mwait[39m compiling...
[0] - [31merror[39m ./app/page.tsx
[0] NonErrorEmittedError: (Emitted value instead of an instance of Error) 
[0]   x Unexpected token `div`. Expected jsx identifier
[0]      ,-[C:\Users\HP\Desktop\ZIPPER\WEBFIXX\DEV\Extra Tools\Tickets-Escrow\app\page.tsx:186:1]
[0]  186 |   }
[0]  187 | 
[0]  188 |   return (
[0]  189 |     <div className="min-h-screen flex flex-col antialiased">
[0]      :      ^^^
[0]  190 |       {headerNav}
[0]  191 | 
[0]  192 |       <main>
[0]      `----
[0] 
[0] Caused by:
[0]     0: failed to process js file
[0]     1: Syntax Error
[0] Import trace for requested module:
[0] ./app/page.tsx
[0] - [36mwait[39m compiling...
[0] - [31merror[39m ./app/page.tsx
[0] NonErrorEmittedError: (Emitted value instead of an instance of Error) 
[0]   x Unexpected token `div`. Expected jsx identifier
[0]      ,-[C:\Users\HP\Desktop\ZIPPER\WEBFIXX\DEV\Extra Tools\Tickets-Escrow\app\page.tsx:202:1]
[0]  202 |   }
[0]  203 | 
[0]  204 |   return (
[0]  205 |     <div className="min-h-screen flex flex-col antialiased">
[0]      :      ^^^
[0]  206 |       {headerNav}
[0]  207 | 
[0]  208 |       <main>
[0]      `----
[0] 
[0] Caused by:
[0]     0: failed to process js file
[0]     1: Syntax Error
[0] Import trace for requested module:
[0] ./app/page.tsx
[0] - [36mwait[39m compiling...
[0] - [35mevent[39m compiled successfully in 13.6s (395 modules)
[0] - [36mwait[39m compiling /page (client and server)...
[0] - [35mevent[39m compiled successfully in 2.6s (253 modules)
[0] 
[0] - [36mwait[39m compiling /events/page (client and server)...
[0] - [35mevent[39m compiled successfully in 1870 ms (257 modules)
[0] 
[0] 
[0] 
[0] - [36mwait[39m compiling /event-details/page (client and server)...
[0] - [35mevent[39m compiled successfully in 2.2s (261 modules)
[0] 
[0] - [36mwait[39m compiling...
[0] - [35mevent[39m compiled client and server successfully in 10.7s (652 modules)
[0] 
[0] 
[0] 
[0] - [36mwait[39m compiling /event-details/page (client and server)...
[0] - [35mevent[39m compiled successfully in 374 ms (261 modules)
[0] 
[0] 
[0] 
